ADS1256.c:31:6:setDIFFChannel	16	static
ADS1256.c:47:6:writeCMD	24	static
ADS1256.c:64:6:setDataRate	16	static
ADS1256.c:77:6:writeByteToReg	24	static
ADS1256.c:95:6:writeToReg	24	static
ADS1256.c:121:6:setPGA	16	static
ADS1256.c:133:6:send8bit	16	static
ADS1256.c:145:6:waitDRDY	16	static
ADS1256.c:163:9:readChipID	16	static
ADS1256.c:178:9:receive8bit	24	static
ADS1256.c:204:9:readByteFromReg	24	static
ADS1256.c:226:6:setBuffer	16	static
ADS1256.c:239:6:ADS1256_SwitchChannalValue	16	static
ADS1256.c:269:7:ADS1256_GetChannalValue	8	static
ADS1256.c:345:5:ADS1256_init	16	static,ignoring_inline_asm
